SomeEnum:
  wireType: int
  enumValues:
    someValue: 1
    anotherValue: 2
